Transform(path_arc)                max|random - monotone| = 0           PURE
ReplacementTransform               max|random - monotone| = 0           PURE
FadeTransform                      max|random - monotone| = 0           PURE
.animate builder                   max|random - monotone| = 0           PURE
Rotate                             max|random - monotone| = 0           PURE
ApplyMatrix                        max|random - monotone| = 0           PURE
ApplyPointwiseFunction             max|random - monotone| = 0           PURE
Create                             max|random - monotone| = 0           PURE
Uncreate                           max|random - monotone| = 0           PURE
Write(Text)                        max|random - monotone| = 0           PURE
DrawBorderThenFill                 max|random - monotone| = 0           PURE
FadeIn(shift)                      max|random - monotone| = 0           PURE
FadeOut(shift)                     max|random - monotone| = 0           PURE
GrowFromCenter                     max|random - monotone| = 0           PURE
SpiralIn                           max|random - monotone| = 0           PURE
Indicate                           max|random - monotone| = 0           PURE
Circumscribe                       max|random - monotone| = 0           PURE
Wiggle                             max|random - monotone| = 0           PURE
ShowPassingFlash                   max|random - monotone| = 0           PURE
AnimationGroup                     max|random - monotone| = 0           PURE
LaggedStart(lag_ratio=0.4)         max|random - monotone| = 0           PURE
LaggedStartMap                     max|random - monotone| = 0           PURE
Succession                         max|random - monotone| = 3           IMPURE
AnimationGroup(Succession,..)      max|random - monotone| = 1           IMPURE

---- ValueTracker + always_redraw, driven by Transform ----
ValueTracker+always_redraw         max|random - monotone| = 0           PURE
---- dt-driven updater (always_rotate) ----
30 x dt=1/30 vs 1 x dt=1.0 identical? True
cold single update(0) equals either?  False False
-> always_rotate/always_shift are TIME INTEGRATORS: state = f(history of dt)

---- rate functions: pure? ----
rate functions checked: 53  order-dependent: none
